src/agents/phase4-consolidation.ts(67,9): error TS2322: Type '{ value: unknown; source: string; violations: number; }[]' is not assignable to type 'FieldCandidate[]'.
  Type '{ value: unknown; source: string; violations: number; }' is not assignable to type 'FieldCandidate'.
    Types of property 'source' are incompatible.
      Type 'string' is not assignable to type '"llm1" | "llm2" | "llm3"'.
src/agents/phase4-consolidation.ts(191,5): error TS2322: Type 'string' is not assignable to type '"llm1" | "llm2" | "llm3" | "consensus"'.
src/agents/phase5-validation.ts(31,28): error TS2345: Argument of type 'unknown' is not assignable to parameter of type 'string'.
src/agents/phase5-validation.ts(43,17): error TS2345: Argument of type 'unknown' is not assignable to parameter of type 'string | URL'.
src/agents/phase5-validation.ts(106,3): error TS2322: Type '(value: unknown, allowedValues: string[]) => string[]' is not assignable to type '(value: unknown) => string[]'.
  Target signature provides too few arguments. Expected 2 or more, but got 1.
src/agents/phase5-validation.ts(143,30): error TS2345: Argument of type 'unknown' is not assignable to parameter of type 'string'.
src/agents/phase6-supabase-write.ts(152,7): error TS2322: Type 'unknown' is not assignable to type 'string'.
src/main.tsx(10,4): error TS2352: Conversion of type 'Window & typeof globalThis' to type 'Record<string, unknown>' may be a mistake because neither type sufficiently overlaps with the other. If this was intentional, convert the expression to 'unknown' first.
  Index signature for type 'string' is missing in type 'Window & typeof globalThis'.
src/main.tsx(11,4): error TS2352: Conversion of type 'Window & typeof globalThis' to type 'Record<string, unknown>' may be a mistake because neither type sufficiently overlaps with the other. If this was intentional, convert the expression to 'unknown' first.
  Index signature for type 'string' is missing in type 'Window & typeof globalThis'.
src/pages/CategoriesPage.tsx(48,31): error TS2345: Argument of type 'Company' is not assignable to parameter of type 'Record<string, unknown>'.
  Index signature for type 'string' is missing in type 'Company'.
src/pages/ExplorePage.tsx(13,26): error TS2352: Conversion of type 'Company' to type 'Record<string, unknown>' may be a mistake because neither type sufficiently overlaps with the other. If this was intentional, convert the expression to 'unknown' first.
  Index signature for type 'string' is missing in type 'Company'.
src/pages/ExplorePage.tsx(14,26): error TS2352: Conversion of type 'Company' to type 'Record<string, unknown>' may be a mistake because neither type sufficiently overlaps with the other. If this was intentional, convert the expression to 'unknown' first.
  Index signature for type 'string' is missing in type 'Company'.
src/pages/SkillMappingPage.tsx(82,16): error TS2339: Property 'forEach' does not exist on type 'unknown'.
src/populate-job-roles.ts(8,25): error TS2307: Cannot find module 'dotenv' or its corresponding type declarations.
src/test-api.ts(1,10): error TS2724: '"./services/companyService"' has no exported member named 'fetchCompanies'. Did you mean 'searchCompanies'?
src/verify-job-role-mapping.ts(7,25): error TS2307: Cannot find module 'dotenv' or its corresponding type declarations.
src/verify-job-role-mapping.ts(60,33): error TS2339: Property 'short_json' does not exist on type '{ company_id: any; name: Json; job_roles: Json; }'.
src/verify-job-role-mapping.ts(65,35): error TS2339: Property 'full_json' does not exist on type '{ company_id: any; name: Json; job_roles: Json; }'.
